// Jest Snapshot v1, https://goo.gl/fbAQLP

exports[`Hero renders correctly 1`] = `
<div
  className="makeStyles-hero-1"
>
  <SvgMock
    aria-label="因幡神社"
    className="makeStyles-root-3 makeStyles-logo-2"
    focusable="false"
    role="img"
  />
</div>
`;
